// Jest Snapshot v1, https://goo.gl/fbAQLP

exports[`App renders correctly 1`] = `
<Provider
  store={Store {}}
>
  <Provider
    theme={
      Object {
        "animation": Object {
          "scale": 1,
        },
        "colors": Object {
          "accent": "aqua",
          "backdrop": "rgba(0, 0, 0, 0.5)",
          "background": "darkolivegreen",
          "disabled": "gray",
          "error": "red",
          "notification": "blueviolet",
          "onBackground": "#000000",
          "onSurface": "#000000",
          "placeholder": "orange",
          "primary": "blue",
          "surface": "#ffffff",
          "text": "black",
        },
        "dark": false,
        "fonts": Object {
          "light": Object {
            "fontFamily": "System",
            "fontWeight": "300",
          },
          "medium": Object {
            "fontFamily": "System",
            "fontWeight": "500",
          },
          "regular": Object {
            "fontFamily": "System",
            "fontWeight": "400",
          },
          "thin": Object {
            "fontFamily": "System",
            "fontWeight": "100",
          },
        },
        "roundness": 8,
      }
    }
  >
    <SafeAreaView
      style={
        Object {
          "flex": 1,
        }
      }
    >
      <View
        style={
          Object {
            "flex": 1,
            "justifyContent": "center",
          }
        }
      >
        <NavigationContainer
          theme="light"
        />
      </View>
    </SafeAreaView>
  </Provider>
</Provider>
`;
